// command
1. cd SDKOpenGLES/YUV2RGBSample/
2. source ../run_exports.sh
3. make clean
4. make


./Video Supportingfiles/cat.mp4 Supportingfiles/test/W32.bmp Supportingfiles/test/W64.bmp Supportingfiles/test/W128.bmp Supportingfiles/test/W192.bmp Supportingfiles/test/W255.bmp

./Photo Supportingfiles/test/gradient.bmp Supportingfiles/test/W32.bmp Supportingfiles/test/W64.bmp Supportingfiles/test/W128.bmp Supportingfiles/test/W192.bmp Supportingfiles/test/W255.bmp

./Photo Supportingfiles/test/red_128.bmp Supportingfiles/135/Correction-Red-32.bmp Supportingfiles/135/Correction-Red-64.bmp Supportingfiles/135/Correction-Red-128.bmp Supportingfiles/135/Correction-Red-192.bmp Supportingfiles/135/Correction-Red-255.bmp

./Photo Supportingfiles/test/gradient.bmp Supportingfiles/test/W32.bmp Supportingfiles/test/W64.bmp Supportingfiles/test/W128.bmp Supportingfiles/test/W192.bmp Supportingfiles/test/W255.bmp

./Video Supportingfiles/cat.mp4 Supportingfiles/test/Correction-Gray-32.bmp Supportingfiles/test/Correction-Gray-64.bmp Supportingfiles/test/Correction-Gray-128.bmp Supportingfiles/test/Correction-Gray-192.bmp Supportingfiles/test/Correction-Gray-255.bmp


// 補償圖先用純色

./YUV2RGBSample Supportingfiles/cat.mp4 Supportingfiles/test/white_32.bmp Supportingfiles/test/white_64.bmp Supportingfiles/test/white_128.bmp Supportingfiles/test/white_192.bmp Supportingfiles/test/white_255.bmp

./YUV2RGBSample Supportingfiles/test/gradient_white.bmp Supportingfiles/test/white_32.bmp Supportingfiles/test/white_64.bmp Supportingfiles/test/white_128.bmp Supportingfiles/test/white_192.bmp Supportingfiles/test/white_255.bmp

./YUV2RGBSample Supportingfiles/test/gradient_blue.bmp Supportingfiles/test/blue_32.bmp Supportingfiles/test/blue_64.bmp Supportingfiles/test/blue_128.bmp Supportingfiles/test/blue_192.bmp Supportingfiles/test/blue_255.bmp

./YUV2RGBSample Supportingfiles/test/gradient_green.bmp Supportingfiles/test/green_32.bmp Supportingfiles/test/green_64.bmp Supportingfiles/test/green_128.bmp Supportingfiles/test/green_192.bmp Supportingfiles/test/green_255.bmp

./YUV2RGBSample Supportingfiles/test/gradient_red.bmp Supportingfiles/test/red_32.bmp Supportingfiles/test/red_64.bmp Supportingfiles/test/red_128.bmp Supportingfiles/test/red_192.bmp Supportingfiles/test/red_255.bmp

./YUV2RGBSample Supportingfiles/test/red_128.bmp Supportingfiles/test/red_32.bmp Supportingfiles/test/red_64.bmp Supportingfiles/test/red_128.bmp Supportingfiles/test/red_192.bmp Supportingfiles/test/red_255.bmp

./YUV2RGBSample Supportingfiles/test/blue_128.bmp Supportingfiles/test/blue_32.bmp Supportingfiles/test/blue_64.bmp Supportingfiles/test/blue_128.bmp Supportingfiles/test/blue_192.bmp Supportingfiles/test/blue_255.bmp

./YUV2RGBSample Supportingfiles/test/white_128.bmp Supportingfiles/test/white_32.bmp Supportingfiles/test/white_64.bmp Supportingfiles/test/white_128.bmp Supportingfiles/test/white_192.bmp Supportingfiles/test/white_255.bmp

./YUV2RGBSample Supportingfiles/test/white_128.bmp Supportingfiles/test/white_32.bmp Supportingfiles/test/white_64.bmp Supportingfiles/test/white_128.bmp Supportingfiles/test/white_192.bmp Supportingfiles/test/white_255.bmp


// 比較結果vs補償圖

./YUV2RGBSample Supportingfiles/test/red_128.bmp Supportingfiles/135/Correction-Red-32.bmp Supportingfiles/135/Correction-Red-64.bmp Supportingfiles/135/Correction-Red-128.bmp Supportingfiles/135/Correction-Red-192.bmp Supportingfiles/135/Correction-Red-255.bmp

./YUV2RGBSample Supportingfiles/test/white_128.bmp Supportingfiles/135/B32.bmp Supportingfiles/135/B64.bmp Supportingfiles/135/B128.bmp Supportingfiles/135/B192.bmp Supportingfiles/135/B255.bmp

// test original 135

./YUV2RGBSample Supportingfiles/test/red_128.bmp Supportingfiles/finish_695_0301/Correction-Red-32.bmp Supportingfiles/finish_695_0301/Correction-Red-64.bmp Supportingfiles/finish_695_0301/Correction-Red-128.bmp Supportingfiles/finish_695_0301/Correction-Red-192.bmp Supportingfiles/finish_695_0301/Correction-Red-255.bmp

// 1219
./YUV2RGBSample Supportingfiles/test/red_192.bmp Supportingfiles/1216/Correction-Red-32.bmp Supportingfiles/1216/Correction-Red-64.bmp Supportingfiles/1216/Correction-Red-128.bmp Supportingfiles/1216/Correction-Red-192.bmp Supportingfiles/1216/Correction-Red-224.bmp

./YUV2RGBSample Supportingfiles/test/cat.mp4 Supportingfiles/1216/Correction-Gray-32.bmp Supportingfiles/1216/Correction-Gray-64.bmp Supportingfiles/1216/Correction-Gray-128.bmp Supportingfiles/1216/Correction-Gray-192.bmp Supportingfiles/1216/Correction-Gray-224.bmp

// 0305
./YUV2RGBSample SPI_DATA_0.bin result.bmp 1092 360 128